// Jest Snapshot v1, https://goo.gl/fbAQLP

exports[`MoviesFound should match MoviesFound snapshot 1`] = `
<DocumentFragment>
  <div
    class="moviesFound"
  >
    <span
      class="moviesFoundValue"
    >
      5
    </span>
     movies found
  </div>
</DocumentFragment>
`;
