// Jest Snapshot v1, https://goo.gl/fbAQLP

exports[`SearchForm should match SearchForm snapshot 1`] = `
<DocumentFragment>
  <div
    class="searchFormWrapper"
  >
    <h1
      class="searchFormTitle"
    >
      Find your movie
    </h1>
    <form
      action="#"
      class="searchForm"
    >
      <div>
        <input
          class="formInput"
          id=":r0:_search-input"
          name="searchValue"
          placeholder="What do you want to watch?"
          type="text"
          value=""
        />
      </div>
      <button
        class="appBtn searchFormBtn"
        type="submit"
      >
        Search
      </button>
    </form>
  </div>
</DocumentFragment>
`;
